* installing *source* package ‘ribiosArg’ ...
** this is package ‘ribiosArg’ version ‘1.5.0’
** using staged installation
** libs
using C compiler: ‘gcc (Ubuntu 11.4.0-1ubuntu1~22.04.2) 11.4.0’
gcc -I"/usr/share/R/include" -DNDEBUG  -I'/usr/local/lib/R/site-library/ribiosUtils/include'    -I../inst/include -fpic  -g -O2 -ffile-prefix-map=/build/r-base-xupQTd/r-base-4.5.2=. -fstack-protector-strong -Wformat -Werror=format-security -Wdate-time -D_FORTIFY_SOURCE=2  -c argparse.c -o argparse.o
gcc -I"/usr/share/R/include" -DNDEBUG  -I'/usr/local/lib/R/site-library/ribiosUtils/include'    -I../inst/include -fpic  -g -O2 -ffile-prefix-map=/build/r-base-xupQTd/r-base-4.5.2=. -fstack-protector-strong -Wformat -Werror=format-security -Wdate-time -D_FORTIFY_SOURCE=2  -c init.c -o init.o
gcc -shared -L/usr/lib/R/lib -Wl,-Bsymbolic-functions -flto=auto -ffat-lto-objects -flto=auto -Wl,-z,relro -o ribiosArg.so argparse.o init.o -L/usr/lib/R/lib -lR
installing to /home/david/projects/ribios/ribiosArg/ribiosArg.Rcheck/00LOCK-ribiosArg/00new/ribiosArg/libs
** R
** inst
** byte-compile and prepare package for lazy loading
** help
*** installing help indices
** building package indices
** testing if installed package can be loaded from temporary location
** checking absolute paths in shared objects and dynamic libraries
** testing if installed package can be loaded from final location
** testing if installed package keeps a record of temporary installation path
* DONE (ribiosArg)
